
> @figma/my-make-file@0.0.1 build
> vite build

[36mvite v6.3.5 [32mbuilding for production...[36m[39m
transforming...
[32mΓ£ô[39m 2235 modules transformed.
node.exe : [33m[plugin 
vite:reporter] 
At line:1 char:1
+ & "C:\Program 
Files\nodejs/node.exe" 
"C:\Program 
Files\nodejs/node_mo ...
+ ~~~~~~~~~~~~~~~~~~~~~~~~~~~
~~~~~~~~~~~~~~~~~~~~~~~~~~~~~
~~~~~~~~~~~~~
    + CategoryInfo           
   : NotSpecified: ([33m[p  
  lugin vite:reporter] :St   
 ring) [], RemoteExceptio    
n
    + FullyQualifiedErrorId  
   : NativeCommandError
 
(!) C:/Users/manoj/OneDrive/D
esktop/Technical Event 
Review Management System/node
_modules/sonner/dist/index.mj
s is dynamically imported by 
C:/Users/manoj/OneDrive/Deskt
op/Technical Event Review 
Management System/src/app/com
ponents/admin/TeamsOverview.t
sx, C:/Users/manoj/OneDrive/D
esktop/Technical Event 
Review Management System/src/
app/components/admin/TeamsOve
rview.tsx, C:/Users/manoj/One
Drive/Desktop/Technical 
Event Review Management Syste
m/src/app/components/admin/Te
amsOverview.tsx but also 
statically imported by C:/Use
rs/manoj/OneDrive/Desktop/Tec
hnical Event Review 
Management System/src/app/com
ponents/admin/AdminVoting.tsx
, C:/Users/manoj/OneDrive/Des
ktop/Technical Event Review 
Management System/src/app/com
ponents/admin/ManageReviewers
.tsx, C:/Users/manoj/OneDrive
/Desktop/Technical Event 
Review Management System/src/
app/components/admin/ManageRo
unds.tsx, C:/Users/manoj/OneD
rive/Desktop/Technical Event 
Review Management System/src/
app/components/admin/MarksCri
teria.tsx, C:/Users/manoj/One
Drive/Desktop/Technical 
Event Review Management Syste
m/src/app/components/admin/Pr
oblemStatements.tsx, C:/Users
/manoj/OneDrive/Desktop/Techn
ical Event Review Management 
System/src/app/components/adm
in/Results.tsx, C:/Users/mano
j/OneDrive/Desktop/Technical 
Event Review Management Syste
m/src/app/components/auth/Mag
icLogin.tsx, C:/Users/manoj/O
neDrive/Desktop/Technical 
Event Review Management Syste
m/src/app/components/auth/Rev
iewerLogin.tsx, C:/Users/mano
j/OneDrive/Desktop/Technical 
Event Review Management Syste
m/src/app/components/auth/Tea
mLeaderLogin.tsx, C:/Users/ma
noj/OneDrive/Desktop/Technica
l Event Review Management Sys
tem/src/app/components/review
er/ReviewerDashboard.tsx, C:/
Users/manoj/OneDrive/Desktop/
Technical Event Review 
Management System/src/app/com
ponents/team-leader/ProjectUp
load.tsx, C:/Users/manoj/OneD
rive/Desktop/Technical Event 
Review Management System/src/
app/components/ui/sonner.tsx,
 C:/Users/manoj/OneDrive/Desk
top/Technical Event Review 
Management System/src/app/com
ponents/voting/PublicVoting.t
sx, dynamic import will not 
move module into another 
chunk.
[39m
rendering chunks...
computing gzip size...
[2mdist/[22m[32mindex.html                 [39m[1m[2m    0.43 kB[22m[1m[22m[2m Γöé gzip:   0.30 kB[22m
[2mdist/[22m[35massets/index-C3goQ7WH.css  [39m[1m[2m  162.40 kB[22m[1m[22m[2m Γöé gzip:  23.30 kB[22m
[2mdist/[22m[36massets/index-BK7MReQU.js   [39m[1m[33m1,583.39 kB[39m[22m[2m Γöé gzip: 393.56 kB[22m
[33m
(!) Some chunks are larger 
than 500 kB after 
minification. Consider:
- Using dynamic import() to 
code-split the application
- Use build.rollupOptions.out
put.manualChunks to improve 
chunking: https://rollupjs.or
g/configuration-options/#outp
ut-manualchunks
- Adjust chunk size limit 
for this warning via build.ch
unkSizeWarningLimit.[39m
[32mΓ£ô built in 9.20s[39m
